<html>
 <head>
  <title>CSS includes</title>
  <style>
 @import url('http://localhost:0000/solrwayback/services/downloadRaw?source_file_path=somesourcefile&offset=1');
 @import url(http://localhost:0000/solrwayback/services/downloadRaw?source_file_path=somesourcefile&offset=2);
 @import url(http://localhost:0000/solrwayback/services/downloadRaw?source_file_path=somesourcefile&offset=3);
 </style>
 </head>
 <body>
  <h1>Multiple CSS includes</h1>
 </body>
</html>