<!--?xml version="1.1" encoding="iso-8859-1"?-->
<html xmlns="http://www.w3.org/1999/xhtml" xml:lang="da">
 <head>
  <title>kimse.rovfisk.dk/katte/</title>
  <style type="text/css" media="screen">@import "http://localhost:0000/solrwayback/services/downloadRaw?source_file_path=somesourcefile&offset=1";</style>
  <meta http-equiv="Content-Type" content="text/html; charset=ISO-8859-1">
  <link rel="stylesheet" href="http://localhost:0000/solrwayback/services/view?source_file_path=somesourcefile&amp;offset=2" type="text/css" media="screen">
  <link rel="alternate" type="application/rss+xml" title="RSS 2.0" href="http://localhost:0000/solrwayback/services/view?source_file_path=somesourcefile&amp;offset=3">
 </head>
 <body>
  <style type="text/css" media="screen">@import "http://localhost:0000/solrwayback/services/downloadRaw?source_file_path=somesourcefile&offset=4";</style>
  <style type="text/css" media="screen">@import "http://localhost:0000/solrwayback/services/downloadRaw?source_file_path=somesourcefile&offset=5";</style>
  <style type="text/css" media="screen">@import url(http://localhost:0000/solrwayback/services/downloadRaw?source_file_path=somesourcefile&offset=6);</style>
  <!-- Note: In 1.14.2, JSoup changes from preserving the first class attribut to preserving the last, so "button" is removed -->
  <a class="toplink" href="http://localhost:0000/solrwayback/services/web/20200430130700/http://example.com/somefolder/test" style="background:url(http://localhost:0000/solrwayback/services/downloadRaw?source_file_path=somesourcefile&amp;offset=7) no-repeat ; width:90px; margin:0px 0px 0px 16px;">kimse.rovfisk.dk </a>
  <a class="toplink" href="http://localhost:0000/solrwayback/services/web/20200430130700/http://example.com/katte/">katte / </a>
  <br>
  <br>
  <img src="http://localhost:0000/solrwayback/services/downloadRaw?source_file_path=somesourcefile&amp;offset=10" srcset="http://localhost:0000/solrwayback/services/downloadRaw?source_file_path=somesourcefile&amp;offset=11 477w, http://localhost:0000/solrwayback/services/downloadRaw?source_file_path=somesourcefile&amp;offset=12 150w, http://localhost:0000/solrwayback/services/downloadRaw?source_file_path=somesourcefile&amp;offset=13 298w" sizes="(max-width: 235px) 100vw, 235px">
  <table cellspacing="8">
   <tbody>
    <tr>
     <td></td>
     <td class="itemw"><a href="http://localhost:0000/solrwayback/services/web/20200430130700/http://example.com/katte/?browse=DSC00175.JPG"><img class="lo" src="http://localhost:0000/solrwayback/services/downloadRaw?source_file_path=somesourcefile&amp;offset=8"></a></td>
     <td></td>
     <td class="itemw"><a href="http://localhost:0000/solrwayback/services/web/20200430130700/http://example.com/katte/?browse=DSC00209.JPG"><img class="lo" src="http://localhost:0000/solrwayback/services/downloadRaw?source_file_path=somesourcefile&amp;offset=9"></a></td>
    </tr>
   </tbody>
  </table>
  <br>  "
 </body>
</html>