<html>
 <head>
  <title>Some page</title>
  <link rel="stylesheet" type="text/css" href="http://localhost:0000/solrwayback/services/view?source_file_path=somesourcefile&amp;offset=1">
 </head>
 <body>
  <h1>srcset testing</h1>
  <p>An image with absolute srcset: <img src="http://localhost:0000/solrwayback/services/downloadRaw?source_file_path=somesourcefile&amp;offset=2" srcset="http://localhost:0000/solrwayback/services/downloadRaw?source_file_path=somesourcefile&amp;offset=3 1x, http://localhost:0000/solrwayback/services/downloadRaw?source_file_path=somesourcefile&amp;offset=4 2x"></p>
  <p>An image with mixed casing and spacing: <img src="http://localhost:0000/solrwayback/services/downloadRaw?source_file_path=somesourcefile&amp;offset=2" srcset="http://localhost:0000/solrwayback/services/downloadRaw?source_file_path=somesourcefile&amp;offset=3 720w , http://localhost:0000/solrwayback/services/downloadRaw?source_file_path=somesourcefile&amp;offset=4 730W"></p>
  <p>An image with absolute srcset and post-space: <img src="http://localhost:0000/solrwayback/services/downloadRaw?source_file_path=somesourcefile&amp;offset=2" srcset="http://localhost:0000/solrwayback/services/downloadRaw?source_file_path=somesourcefile&amp;offset=3 1x, http://localhost:0000/solrwayback/services/downloadRaw?source_file_path=somesourcefile&amp;offset=4 2x "></p>
  <p>An image with absolute srcset and substring trickery: <img src="http://localhost:0000/solrwayback/services/downloadRaw?source_file_path=somesourcefile&amp;offset=2" srcset="http://localhost:0000/solrwayback/services/downloadRaw?source_file_path=somesourcefile&amp;offset=2 1x, http://localhost:0000/solrwayback/services/downloadRaw?source_file_path=somesourcefile&amp;offset=5 2x"></p>
  <p>An image with relative srcset: <img src="http://localhost:0000/solrwayback/services/downloadRaw?source_file_path=somesourcefile&amp;offset=10" srcset="http://localhost:0000/solrwayback/services/downloadRaw?source_file_path=somesourcefile&amp;offset=10 1x, http://localhost:0000/solrwayback/services/downloadRaw?source_file_path=somesourcefile&amp;offset=11 2x"></p>
  <p>An image with relative srcset and substring trickery: <img src="http://localhost:0000/solrwayback/services/downloadRaw?source_file_path=somesourcefile&amp;offset=21" srcset="http://localhost:0000/solrwayback/services/downloadRaw?source_file_path=somesourcefile&amp;offset=21 1x, http://localhost:0000/solrwayback/services/downloadRaw?source_file_path=somesourcefile&amp;offset=22 2x"></p>
  <p>An image with root srcset: <img src="http://localhost:0000/solrwayback/services/downloadRaw?source_file_path=somesourcefile&amp;offset=30" srcset="http://localhost:0000/solrwayback/services/downloadRaw?source_file_path=somesourcefile&amp;offset=30 1x, http://localhost:0000/solrwayback/services/downloadRaw?source_file_path=somesourcefile&amp;offset=31 2x"></p>
  <p>Reproduction of specific problem: <img src="http://localhost:0000/solrwayback/services/downloadRaw?source_file_path=somesourcefile&amp;offset=30" srcset="http://localhost:0000/solrwayback/services/downloadRaw?source_file_path=somesourcefile&amp;offset=40 1008w"></p>
 </body>
</html>