<html>
 <head>
  <title>Some page</title>
  <link rel="stylesheet" type="text/css" href="http://localhost:0000/solrwayback/services/view?source_file_path=somesourcefile&amp;offset=1">
  <script type="text/javascript" src="http://localhost:0000/solrwayback/services/downloadRaw?source_file_path=somesourcefile&amp;offset=90"></script>
 </head>
 <body background="http://localhost:0000/solrwayback/services/downloadRaw?source_file_path=somesourcefile&amp;offset=60">
  <h1>A very simple page</h1>
  <p>An <a href="http://localhost:0000/solrwayback/services/web/20200430130700/http://example.com">absolute link</a> leading to example.com</p>
  <p>A <a href="http://localhost:0000/solrwayback/services/web/20200430130700/http://example.com/somefolder/subfolder/">relative link</a> leading to <tt>subfolder</tt>subfolder</p>
  <p>A <a href="http://localhost:0000/solrwayback/services/web/20200430130700/http://example.com/otherpage.html">root-based link</a> leading to a parallel page <tt>otherpage.html</tt>.</p>
  <p>An absolute referenced image: <img src="http://localhost:0000/solrwayback/services/downloadRaw?source_file_path=somesourcefile&amp;offset=2"></p>
  <p>A relatively referenced image: <img src="http://localhost:0000/solrwayback/services/downloadRaw?source_file_path=somesourcefile&amp;offset=3"></p>
  <p>A root referenced image (same as the absolute one): <img src="http://localhost:0000/solrwayback/services/downloadRaw?source_file_path=somesourcefile&amp;offset=2"></p>
  <embed src="http://localhost:0000/solrwayback/services/downloadRaw?source_file_path=somesourcefile&amp;offset=50" width="300" height="200">
  <audio controls>
   <source src="http://localhost:0000/solrwayback/services/downloadRaw?source_file_path=somesourcefile&amp;offset=60" type="audio/ogg">
   <source src="http://localhost:0000/solrwayback/services/downloadRaw?source_file_path=somesourcefile&amp;offset=61" type="audio/mpeg"> Your browser does not support the audio element.
  </audio>
  <table background="http://localhost:0000/solrwayback/services/downloadRaw?source_file_path=somesourcefile&amp;offset=100">
   <tbody>
    <tr>
     <td background="http://localhost:0000/solrwayback/services/downloadRaw?source_file_path=somesourcefile&amp;offset=101">Single cell</td>
    </tr>
   </tbody>
  </table>
 </body>
</html>