<html>
 <head>
  <title>Style page</title>
  <link rel="stylesheet" type="text/css" href="http://localhost:0000/solrwayback/services/view?source_file_path=somesourcefile&amp;offset=1">
 </head>
 <body>
  <h1>Some styling</h1>
  <div style="background: url(http://localhost:0000/solrwayback/services/downloadRaw?source_file_path=somesourcefile&amp;offset=20)">
   Hello
  </div>
  <div style="background: url('http://localhost:0000/solrwayback/services/downloadRaw?source_file_path=somesourcefile&amp;offset=30'), url('http://localhost:0000/solrwayback/services/downloadRaw?source_file_path=somesourcefile&amp;offset=31')">
   World
  </div>
  <p><a href="http://localhost:0000/solrwayback/services/web/20200430130700/http://example.com/somefolder/hello/" style="background-image: url(http://localhost:0000/solrwayback/services/downloadRaw?source_file_path=somesourcefile&amp;offset=40)"></a></p>
  <p style="background: url(http://localhost:0000/solrwayback/services/downloadRaw?source_file_path=somesourcefile&amp;offset=50)">paragraph</p>
 </body>
</html>